00:00 +0: loading Y:/neethiyaithedi  app/test/widget_test.dart
flutter : lib/main.dart:53:1: Error: Expected a declaration, but got '}'.
At line:1 char:1
+ flutter test > test_output.txt 2>&1
+ ~~~~~~~~~~~~~~~~~~~~~~~~~~~~~~~~~~~
    + CategoryInfo          : NotSpecified: (lib/main.dart:5...n, but got '} 
   '.:String) [], RemoteException
    + FullyQualifiedErrorId : NativeCommandError
 
}
^
lib/core/providers.dart:20:33: Error: Type 'FirebaseServiceRef' not found.
FirebaseService firebaseService(FirebaseServiceRef ref) {
                                ^^^^^^^^^^^^^^^^^^
lib/core/providers.dart:26:25: Error: Type 'AuthStateRef' not found.
Stream<User?> authState(AuthStateRef ref) {
                        ^^^^^^^^^^^^
lib/core/providers.dart:31:32: Error: Type 'CurrentUserRef' not found.
Stream<UserModel?> currentUser(CurrentUserRef ref) {
                               ^^^^^^^^^^^^^^
lib/core/providers.dart:20:33: Error: 'FirebaseServiceRef' isn't a type.
FirebaseService firebaseService(FirebaseServiceRef ref) {
                                ^^^^^^^^^^^^^^^^^^
lib/core/providers.dart:26:25: Error: 'AuthStateRef' isn't a type.
Stream<User?> authState(AuthStateRef ref) {
                        ^^^^^^^^^^^^
lib/core/providers.dart:31:32: Error: 'CurrentUserRef' isn't a type.
Stream<UserModel?> currentUser(CurrentUserRef ref) {
                               ^^^^^^^^^^^^^^
00:00 +0 -1: loading Y:/neethiyaithedi  app/test/widget_test.dart [E]
  Failed to load "Y:/neethiyaithedi  app/test/widget_test.dart":
  Compilation failed for testPath=Y:/neethiyaithedi  app/test/widget_test.dart: lib/main.dart:53:1: Error: Expected a declaration, but got '}'.
  }
  ^
  lib/core/providers.dart:20:33: Error: Type 'FirebaseServiceRef' not found.
  FirebaseService firebaseService(FirebaseServiceRef ref) {
                                  ^^^^^^^^^^^^^^^^^^
  lib/core/providers.dart:26:25: Error: Type 'AuthStateRef' not found.
  Stream<User?> authState(AuthStateRef ref) {
                          ^^^^^^^^^^^^
  lib/core/providers.dart:31:32: Error: Type 'CurrentUserRef' not found.
  Stream<UserModel?> currentUser(CurrentUserRef ref) {
                                 ^^^^^^^^^^^^^^
  lib/core/providers.dart:20:33: Error: 'FirebaseServiceRef' isn't a type.
  FirebaseService firebaseService(FirebaseServiceRef ref) {
                                  ^^^^^^^^^^^^^^^^^^
  lib/core/providers.dart:26:25: Error: 'AuthStateRef' isn't a type.
  Stream<User?> authState(AuthStateRef ref) {
                          ^^^^^^^^^^^^
  lib/core/providers.dart:31:32: Error: 'CurrentUserRef' isn't a type.
  Stream<UserModel?> currentUser(CurrentUserRef ref) {
                                 ^^^^^^^^^^^^^^
  .
00:00 +0 -1: Some tests failed.
